// Jest Snapshot v1, https://goo.gl/fbAQLP

exports[`content renders without crashing 1`] = `ReactWrapper {}`;
